Archive member included to satisfy reference by file (symbol)

e:/iti/tourky/tools/arm_gcc/bin/../lib/gcc/arm-none-eabi/5.4.1/armv7e-m\libgcc.a(_arm_addsubsf3.o)
                              ./src/UART.o (__aeabi_fsub)
e:/iti/tourky/tools/arm_gcc/bin/../lib/gcc/arm-none-eabi/5.4.1/armv7e-m\libgcc.a(_arm_muldivsf3.o)
                              ./src/UART.o (__aeabi_fmul)
e:/iti/tourky/tools/arm_gcc/bin/../lib/gcc/arm-none-eabi/5.4.1/armv7e-m\libgcc.a(_arm_fixunssfsi.o)
                              ./src/UART.o (__aeabi_f2uiz)
e:/iti/tourky/tools/arm_gcc/bin/../lib/gcc/arm-none-eabi/5.4.1/../../../../arm-none-eabi/lib/armv7e-m\libg_nano.a(lib_a-errno.o)
                              ./system/src/newlib/_sbrk.o (__errno)
e:/iti/tourky/tools/arm_gcc/bin/../lib/gcc/arm-none-eabi/5.4.1/../../../../arm-none-eabi/lib/armv7e-m\libg_nano.a(lib_a-impure.o)
                              e:/iti/tourky/tools/arm_gcc/bin/../lib/gcc/arm-none-eabi/5.4.1/../../../../arm-none-eabi/lib/armv7e-m\libg_nano.a(lib_a-errno.o) (_impure_ptr)
e:/iti/tourky/tools/arm_gcc/bin/../lib/gcc/arm-none-eabi/5.4.1/../../../../arm-none-eabi/lib/armv7e-m\libg_nano.a(lib_a-strlen.o)
                              ./system/src/diag/Trace.o (strlen)
e:/iti/tourky/tools/arm_gcc/bin/../lib/gcc/arm-none-eabi/5.4.1/../../../../arm-none-eabi/lib/armv7e-m\libg_nano.a(lib_a-vsnprintf.o)
                              ./system/src/diag/Trace.o (vsnprintf)
e:/iti/tourky/tools/arm_gcc/bin/../lib/gcc/arm-none-eabi/5.4.1/../../../../arm-none-eabi/lib/armv7e-m\libg_nano.a(lib_a-nano-svfprintf.o)
                              e:/iti/tourky/tools/arm_gcc/bin/../lib/gcc/arm-none-eabi/5.4.1/../../../../arm-none-eabi/lib/armv7e-m\libg_nano.a(lib_a-vsnprintf.o) (_svfprintf_r)
e:/iti/tourky/tools/arm_gcc/bin/../lib/gcc/arm-none-eabi/5.4.1/../../../../arm-none-eabi/lib/armv7e-m\libg_nano.a(lib_a-nano-vfprintf_i.o)
                              e:/iti/tourky/tools/arm_gcc/bin/../lib/gcc/arm-none-eabi/5.4.1/../../../../arm-none-eabi/lib/armv7e-m\libg_nano.a(lib_a-nano-svfprintf.o) (_printf_i)
e:/iti/tourky/tools/arm_gcc/bin/../lib/gcc/arm-none-eabi/5.4.1/../../../../arm-none-eabi/lib/armv7e-m\libg_nano.a(lib_a-memchr.o)
                              e:/iti/tourky/tools/arm_gcc/bin/../lib/gcc/arm-none-eabi/5.4.1/../../../../arm-none-eabi/lib/armv7e-m\libg_nano.a(lib_a-nano-svfprintf.o) (memchr)
e:/iti/tourky/tools/arm_gcc/bin/../lib/gcc/arm-none-eabi/5.4.1/../../../../arm-none-eabi/lib/armv7e-m\libg_nano.a(lib_a-memcpy-stub.o)
                              e:/iti/tourky/tools/arm_gcc/bin/../lib/gcc/arm-none-eabi/5.4.1/../../../../arm-none-eabi/lib/armv7e-m\libg_nano.a(lib_a-nano-svfprintf.o) (memcpy)
e:/iti/tourky/tools/arm_gcc/bin/../lib/gcc/arm-none-eabi/5.4.1/../../../../arm-none-eabi/lib/armv7e-m\libg_nano.a(lib_a-memmove.o)
                              e:/iti/tourky/tools/arm_gcc/bin/../lib/gcc/arm-none-eabi/5.4.1/../../../../arm-none-eabi/lib/armv7e-m\libg_nano.a(lib_a-nano-svfprintf.o) (memmove)
e:/iti/tourky/tools/arm_gcc/bin/../lib/gcc/arm-none-eabi/5.4.1/../../../../arm-none-eabi/lib/armv7e-m\libg_nano.a(lib_a-nano-freer.o)
                              e:/iti/tourky/tools/arm_gcc/bin/../lib/gcc/arm-none-eabi/5.4.1/../../../../arm-none-eabi/lib/armv7e-m\libg_nano.a(lib_a-nano-svfprintf.o) (_free_r)
e:/iti/tourky/tools/arm_gcc/bin/../lib/gcc/arm-none-eabi/5.4.1/../../../../arm-none-eabi/lib/armv7e-m\libg_nano.a(lib_a-nano-mallocr.o)
                              e:/iti/tourky/tools/arm_gcc/bin/../lib/gcc/arm-none-eabi/5.4.1/../../../../arm-none-eabi/lib/armv7e-m\libg_nano.a(lib_a-nano-svfprintf.o) (_malloc_r)
e:/iti/tourky/tools/arm_gcc/bin/../lib/gcc/arm-none-eabi/5.4.1/../../../../arm-none-eabi/lib/armv7e-m\libg_nano.a(lib_a-nano-reallocr.o)
                              e:/iti/tourky/tools/arm_gcc/bin/../lib/gcc/arm-none-eabi/5.4.1/../../../../arm-none-eabi/lib/armv7e-m\libg_nano.a(lib_a-nano-svfprintf.o) (_realloc_r)
e:/iti/tourky/tools/arm_gcc/bin/../lib/gcc/arm-none-eabi/5.4.1/../../../../arm-none-eabi/lib/armv7e-m\libg_nano.a(lib_a-sbrkr.o)
                              e:/iti/tourky/tools/arm_gcc/bin/../lib/gcc/arm-none-eabi/5.4.1/../../../../arm-none-eabi/lib/armv7e-m\libg_nano.a(lib_a-nano-mallocr.o) (_sbrk_r)
e:/iti/tourky/tools/arm_gcc/bin/../lib/gcc/arm-none-eabi/5.4.1/../../../../arm-none-eabi/lib/armv7e-m\libg_nano.a(lib_a-mlock.o)
                              e:/iti/tourky/tools/arm_gcc/bin/../lib/gcc/arm-none-eabi/5.4.1/../../../../arm-none-eabi/lib/armv7e-m\libg_nano.a(lib_a-nano-freer.o) (__malloc_lock)
e:/iti/tourky/tools/arm_gcc/bin/../lib/gcc/arm-none-eabi/5.4.1/../../../../arm-none-eabi/lib/armv7e-m\libg_nano.a(lib_a-nano-msizer.o)
                              e:/iti/tourky/tools/arm_gcc/bin/../lib/gcc/arm-none-eabi/5.4.1/../../../../arm-none-eabi/lib/armv7e-m\libg_nano.a(lib_a-nano-reallocr.o) (_malloc_usable_size_r)

Allocating common symbols
Common symbol       size              file

[...]
Memory Configuration

Name             Origin             Length             Attributes
RAM              0x20000000         0x00010000         xrw
CCMRAM           0x10000000         0x00000000         xrw
FLASH            0x08000000         0x00100000         xr
FLASHB1          0x00000000         0x00000000         xr
EXTMEMB0         0x00000000         0x00000000         xr
EXTMEMB1         0x00000000         0x00000000         xr
EXTMEMB2         0x00000000         0x00000000         xr
EXTMEMB3         0x00000000         0x00000000         xr
*default*        0x00000000         0xffffffff

Linker script and memory map

LOAD ./system/src/newlib/_cxx.o
LOAD ./system/src/newlib/_exit.o
LOAD ./system/src/newlib/_sbrk.o
LOAD ./system/src/newlib/_startup.o
LOAD ./system/src/newlib/_syscalls.o
LOAD ./system/src/newlib/assert.o
LOAD ./system/src/diag/Trace.o
LOAD ./system/src/diag/trace_impl.o
LOAD ./system/src/cortexm/_initialize_hardware.o
LOAD ./system/src/cortexm/_reset_hardware.o
LOAD ./system/src/cortexm/exception_handlers.o
LOAD ./system/src/cmsis/system_stm32f4xx.o
LOAD ./system/src/cmsis/vectors_stm32f401xc.o
LOAD ./src/GPIO.o
LOAD ./src/Init.o
LOAD ./src/LED.o
LOAD ./src/LED_Cfg.o
LOAD ./src/NVIC.o
LOAD ./src/RCC2.o
LOAD ./src/Systick.o
LOAD ./src/UART.o
LOAD ./src/UART_Cfg.o
LOAD ./src/main.o
LOAD e:/iti/tourky/tools/arm_gcc/bin/../lib/gcc/arm-none-eabi/5.4.1/../../../../arm-none-eabi/lib/armv7e-m\libstdc++_nano.a
LOAD e:/iti/tourky/tools/arm_gcc/bin/../lib/gcc/arm-none-eabi/5.4.1/../../../../arm-none-eabi/lib/armv7e-m\libm.a
START GROUP
LOAD e:/iti/tourky/tools/arm_gcc/bin/../lib/gcc/arm-none-eabi/5.4.1/armv7e-m\libgcc.a
LOAD e:/iti/tourky/tools/arm_gcc/bin/../lib/gcc/arm-none-eabi/5.4.1/../../../../arm-none-eabi/lib/armv7e-m\libg_nano.a
LOAD e:/iti/tourky/tools/arm_gcc/bin/../lib/gcc/arm-none-eabi/5.4.1/../../../../arm-none-eabi/lib/armv7e-m\libc_nano.a
END GROUP
START GROUP
LOAD e:/iti/tourky/tools/arm_gcc/bin/../lib/gcc/arm-none-eabi/5.4.1/armv7e-m\libgcc.a
LOAD e:/iti/tourky/tools/arm_gcc/bin/../lib/gcc/arm-none-eabi/5.4.1/../../../../arm-none-eabi/lib/armv7e-m\libc_nano.a
END GROUP
                0x20010000                __stack = (ORIGIN (RAM) + LENGTH (RAM))
                0x20010000                _estack = __stack
                0x00000400                __Main_Stack_Size = 0x400
                [!provide]                PROVIDE (_Main_Stack_Size, __Main_Stack_Size)
                0x2000fc00                __Main_Stack_Limit = (__stack - __Main_Stack_Size)
                [!provide]                PROVIDE (_Main_Stack_Limit, __Main_Stack_Limit)
                0x00000100                _Minimum_Stack_Size = 0x100
                0x20000184                PROVIDE (_Heap_Begin, _end_noinit)
                0x2000fc00                PROVIDE (_Heap_Limit, (__stack - __Main_Stack_Size))

.isr_vector     0x08000000      0x3f8
 FILL mask 0xff
                0x08000000                __vectors_start = ABSOLUTE (.)
                0x08000000                __vectors_start__ = ABSOLUTE (.)
 *(.isr_vector)
 .isr_vector    0x08000000      0x194 ./system/src/cmsis/vectors_stm32f401xc.o
                0x08000000                __isr_vectors
 *(.cfmconfig)
 *(.after_vectors .after_vectors.*)
 .after_vectors
                0x08000194      0x130 ./system/src/newlib/_startup.o
                0x08000194                _start
 .after_vectors
                0x080002c4      0x130 ./system/src/cortexm/exception_handlers.o
                0x080002c4                Reset_Handler
                0x080002cc                NMI_Handler
                0x080002d0                HardFault_Handler
                0x080002e4                HardFault_Handler_C
                0x08000344                MemManage_Handler
                0x08000348                BusFault_Handler
                0x0800035c                BusFault_Handler_C
                0x08000390                UsageFault_Handler
                0x080003a4                UsageFault_Handler_C
                0x080003d8                SVC_Handler
                0x080003dc                DebugMon_Handler
                0x080003e0                PendSV_Handler
 .after_vectors
                0x080003f4        0x4 ./system/src/cmsis/vectors_stm32f401xc.o
                0x080003f4                RTC_Alarm_IRQHandler
                0x080003f4                EXTI2_IRQHandler
                0x080003f4                SPI4_IRQHandler
                0x080003f4                TIM1_CC_IRQHandler
                0x080003f4                DMA2_Stream5_IRQHandler
                0x080003f4                DMA1_Stream5_IRQHandler
                0x080003f4                PVD_IRQHandler
                0x080003f4                SDIO_IRQHandler
                0x080003f4                TAMP_STAMP_IRQHandler
                0x080003f4                EXTI3_IRQHandler
                0x080003f4                TIM1_UP_TIM10_IRQHandler
                0x080003f4                I2C3_ER_IRQHandler
                0x080003f4                EXTI0_IRQHandler
                0x080003f4                I2C2_EV_IRQHandler
                0x080003f4                DMA1_Stream2_IRQHandler
                0x080003f4                FPU_IRQHandler
                0x080003f4                DMA2_Stream2_IRQHandler
                0x080003f4                SPI1_IRQHandler
                0x080003f4                TIM1_BRK_TIM9_IRQHandler
                0x080003f4                DMA2_Stream3_IRQHandler
                0x080003f4                DMA2_Stream0_IRQHandler
                0x080003f4                TIM4_IRQHandler
                0x080003f4                I2C1_EV_IRQHandler
                0x080003f4                DMA1_Stream6_IRQHandler
                0x080003f4                DMA1_Stream1_IRQHandler
                0x080003f4                TIM3_IRQHandler
                0x080003f4                RCC_IRQHandler
                0x080003f4                Default_Handler
                0x080003f4                EXTI15_10_IRQHandler
                0x080003f4                ADC_IRQHandler
                0x080003f4                DMA1_Stream7_IRQHandler
                0x080003f4                TIM5_IRQHandler
                0x080003f4                DMA2_Stream7_IRQHandler
                0x080003f4                I2C3_EV_IRQHandler
                0x080003f4                EXTI9_5_IRQHandler
                0x080003f4                RTC_WKUP_IRQHandler
                0x080003f4                SPI2_IRQHandler
                0x080003f4                DMA1_Stream0_IRQHandler
                0x080003f4                EXTI4_IRQHandler
                0x080003f4                WWDG_IRQHandler
                0x080003f4                TIM2_IRQHandler
                0x080003f4                OTG_FS_WKUP_IRQHandler
                0x080003f4                TIM1_TRG_COM_TIM11_IRQHandler
                0x080003f4                EXTI1_IRQHandler
                0x080003f4                I2C2_ER_IRQHandler
                0x080003f4                DMA2_Stream1_IRQHandler
                0x080003f4                FLASH_IRQHandler
                0x080003f4                DMA2_Stream4_IRQHandler
                0x080003f4                OTG_FS_IRQHandler
                0x080003f4                SPI3_IRQHandler
                0x080003f4                DMA1_Stream4_IRQHandler
                0x080003f4                I2C1_ER_IRQHandler
                0x080003f4                DMA2_Stream6_IRQHandler
                0x080003f4                DMA1_Stream3_IRQHandler

.inits          0x080003f8       0x28
                0x080003f8                __data_regions_array_start = .
                0x080003f8        0x4 LONG 0x80020cc LOADADDR (.data)
                0x080003fc        0x4 LONG 0x20000000 ADDR (.data)
                0x08000400        0x4 LONG 0x20000084 (ADDR (.data) + SIZEOF (.data))
                0x08000404        0x4 LONG 0x80020cc LOADADDR (.data_CCMRAM)
                0x08000408        0x4 LONG 0x10000000 ADDR (.data_CCMRAM)
                0x0800040c        0x4 LONG 0x10000000 (ADDR (.data_CCMRAM) + SIZEOF (.data_CCMRAM))
                0x08000410                __data_regions_array_end = .
                0x08000410                __bss_regions_array_start = .
                0x08000410        0x4 LONG 0x20000084 ADDR (.bss)
                0x08000414        0x4 LONG 0x20000184 (ADDR (.bss) + SIZEOF (.bss))
                0x08000418        0x4 LONG 0x10000000 ADDR (.bss_CCMRAM)
                0x0800041c        0x4 LONG 0x10000000 (ADDR (.bss_CCMRAM) + SIZEOF (.bss_CCMRAM))
                0x08000420                __bss_regions_array_end = .
 *(.init)
 *(.fini)
                0x08000420                . = ALIGN (0x4)
                0x08000420                PROVIDE (__preinit_array_start, .)
 *(.preinit_array_sysinit .preinit_array_sysinit.*)
 *(.preinit_array_platform .preinit_array_platform.*)
 *(.preinit_array .preinit_array.*)
                0x08000420                PROVIDE (__preinit_array_end, .)
                0x08000420                . = ALIGN (0x4)
                0x08000420                PROVIDE (__init_array_start, .)
 *(SORT(.init_array.*))
 *(.init_array)
                0x08000420                PROVIDE (__init_array_end, .)
                0x08000420                . = ALIGN (0x4)
                0x08000420                PROVIDE (__fini_array_start, .)
 *(SORT(.fini_array.*))
 *(.fini_array)
                0x08000420                PROVIDE (__fini_array_end, .)

.flashtext
 *(.flashtext .flashtext.*)

.text           0x08000420     0x1cab
 *(.text .text.*)
 .text._exit    0x08000420        0x4 ./system/src/newlib/_exit.o
                0x08000420                _exit
 .text._sbrk    0x08000424       0x44 ./system/src/newlib/_sbrk.o
                0x08000424                _sbrk
 .text.__initialize_args
                0x08000468       0x10 ./system/src/newlib/_syscalls.o
                0x08000468                __initialize_args
 .text.trace_printf
                0x08000478       0x30 ./system/src/diag/Trace.o
                0x08000478                trace_printf
 .text._trace_write_semihosting_debug
                0x080004a8       0x64 ./system/src/diag/trace_impl.o
 .text.trace_write
                0x0800050c        0x8 ./system/src/diag/trace_impl.o
                0x0800050c                trace_write
 .text.__initialize_hardware_early
                0x08000514       0x18 ./system/src/cortexm/_initialize_hardware.o
                0x08000514                __initialize_hardware_early
 .text.__initialize_hardware
                0x0800052c        0x8 ./system/src/cortexm/_initialize_hardware.o
                0x0800052c                __initialize_hardware
 .text.dumpExceptionStack
                0x08000534       0xf0 ./system/src/cortexm/exception_handlers.o
                0x08000534                dumpExceptionStack
 .text.isSemihosting
                0x08000624       0x20 ./system/src/cortexm/exception_handlers.o
                0x08000624                isSemihosting
 .text.SystemInit
                0x08000644       0x40 ./system/src/cmsis/system_stm32f4xx.o
                0x08000644                SystemInit
 .text.SystemCoreClockUpdate
                0x08000684       0xa0 ./system/src/cmsis/system_stm32f4xx.o
                0x08000684                SystemCoreClockUpdate
 .text.Input    0x08000724       0x1c ./src/GPIO.o
 .text.PullUp   0x08000740       0x24 ./src/GPIO.o
 .text.PullDown
                0x08000764       0x24 ./src/GPIO.o
 .text.Output   0x08000788       0x24 ./src/GPIO.o
 .text.OpenDrain
                0x080007ac       0x18 ./src/GPIO.o
 .text.PushPull
                0x080007c4       0x1c ./src/GPIO.o
 .text.Analog   0x080007e0       0x20 ./src/GPIO.o
 .text.AF       0x08000800       0x24 ./src/GPIO.o
 .text.Speed    0x08000824       0x24 ./src/GPIO.o
 .text.GPIO_enuWritePinValue
                0x08000848       0x54 ./src/GPIO.o
                0x08000848                GPIO_enuWritePinValue
 .text.GPIO_enuInit
                0x0800089c      0x1a0 ./src/GPIO.o
                0x0800089c                GPIO_enuInit
 .text.GPIO_enuSelectAF
                0x08000a3c       0x5c ./src/GPIO.o
                0x08000a3c                GPIO_enuSelectAF
 .text.AppInit  0x08000a98       0xfc ./src/Init.o
                0x08000a98                AppInit
 .text.LED_enuInit
                0x08000b94       0x40 ./src/LED.o
                0x08000b94                LED_enuInit
 .text.LED_enuSetLedState
                0x08000bd4       0x5c ./src/LED.o
                0x08000bd4                LED_enuSetLedState
 .text.NVIC_enuEnableIRQ
                0x08000c30       0x3c ./src/NVIC.o
                0x08000c30                NVIC_enuEnableIRQ
 .text.RCC_enuCheckReady_Static
                0x08000c6c       0x94 ./src/RCC2.o
 .text.RCC_enuEnable_HSE
                0x08000d00       0x24 ./src/RCC2.o
                0x08000d00                RCC_enuEnable_HSE
 .text.RCC_enuGetSysClock
                0x08000d24       0x18 ./src/RCC2.o
                0x08000d24                RCC_enuGetSysClock
 .text.RCC_enuSelectSystemClock
                0x08000d3c       0x3c ./src/RCC2.o
                0x08000d3c                RCC_enuSelectSystemClock
 .text.RCC_enuSetAHB1PerClock
                0x08000d78       0x30 ./src/RCC2.o
                0x08000d78                RCC_enuSetAHB1PerClock
 .text.RCC_enuSetAPB2PerClock
                0x08000da8       0x38 ./src/RCC2.o
                0x08000da8                RCC_enuSetAPB2PerClock
 .text.SysTick_Handler
                0x08000de0       0x10 ./src/Systick.o
                0x08000de0                SysTick_Handler
 .text.BaudRateCalc
                0x08000df0       0x70 ./src/UART.o
 .text.UART_Handler
                0x08000e60       0xc8 ./src/UART.o
 .text.UART_enuInit
                0x08000f28       0x9c ./src/UART.o
                0x08000f28                UART_enuInit
 .text.UART_enuSendAsynchZeroCpy
                0x08000fc4       0x64 ./src/UART.o
                0x08000fc4                UART_enuSendAsynchZeroCpy
 .text.UART_enuReceiveAsynch
                0x08001028       0x60 ./src/UART.o
                0x08001028                UART_enuReceiveAsynch
 .text.USART1_IRQHandler
                0x08001088        0xc ./src/UART.o
                0x08001088                USART1_IRQHandler
 .text.USART2_IRQHandler
                0x08001094        0xc ./src/UART.o
                0x08001094                USART2_IRQHandler
 .text.USART6_IRQHandler
                0x080010a0        0xc ./src/UART.o
                0x080010a0                USART6_IRQHandler
 .text.main     0x080010ac       0x50 ./src/main.o
                0x080010ac                main
 .text          0x080010fc      0x21c e:/iti/tourky/tools/arm_gcc/bin/../lib/gcc/arm-none-eabi/5.4.1/armv7e-m\libgcc.a(_arm_addsubsf3.o)
                0x080010fc                __aeabi_frsub
                0x08001104                __subsf3
                0x08001104                __aeabi_fsub
                0x08001108                __aeabi_fadd
                0x08001108                __addsf3
                0x08001268                __aeabi_ui2f
                0x08001268                __floatunsisf
                0x08001270                __aeabi_i2f
                0x08001270                __floatsisf
                0x0800128c                __aeabi_ul2f
                0x0800128c                __floatundisf
                0x0800129c                __aeabi_l2f
                0x0800129c                __floatdisf
 .text          0x08001318      0x2a0 e:/iti/tourky/tools/arm_gcc/bin/../lib/gcc/arm-none-eabi/5.4.1/armv7e-m\libgcc.a(_arm_muldivsf3.o)
                0x08001318                __mulsf3
                0x08001318                __aeabi_fmul
                0x08001480                __aeabi_fdiv
                0x08001480                __divsf3
 .text          0x080015b8       0x40 e:/iti/tourky/tools/arm_gcc/bin/../lib/gcc/arm-none-eabi/5.4.1/armv7e-m\libgcc.a(_arm_fixunssfsi.o)
                0x080015b8                __fixunssfsi
                0x080015b8                __aeabi_f2uiz
 .text.__errno  0x080015f8        0xc e:/iti/tourky/tools/arm_gcc/bin/../lib/gcc/arm-none-eabi/5.4.1/../../../../arm-none-eabi/lib/armv7e-m\libg_nano.a(lib_a-errno.o)
                0x080015f8                __errno
 .text._vsnprintf_r
                0x08001604       0x56 e:/iti/tourky/tools/arm_gcc/bin/../lib/gcc/arm-none-eabi/5.4.1/../../../../arm-none-eabi/lib/armv7e-m\libg_nano.a(lib_a-vsnprintf.o)
                0x08001604                _vsniprintf_r
                0x08001604                _vsnprintf_r
 *fill*         0x0800165a        0x2 
 .text.vsnprintf
                0x0800165c       0x1c e:/iti/tourky/tools/arm_gcc/bin/../lib/gcc/arm-none-eabi/5.4.1/../../../../arm-none-eabi/lib/armv7e-m\libg_nano.a(lib_a-vsnprintf.o)
                0x0800165c                vsniprintf
                0x0800165c                vsnprintf
 .text.__ssputs_r
                0x08001678       0xb2 e:/iti/tourky/tools/arm_gcc/bin/../lib/gcc/arm-none-eabi/5.4.1/../../../../arm-none-eabi/lib/armv7e-m\libg_nano.a(lib_a-nano-svfprintf.o)
                0x08001678                __ssputs_r
 *fill*         0x0800172a        0x2 
 .text._svfprintf_r
                0x0800172c      0x1e8 e:/iti/tourky/tools/arm_gcc/bin/../lib/gcc/arm-none-eabi/5.4.1/../../../../arm-none-eabi/lib/armv7e-m\libg_nano.a(lib_a-nano-svfprintf.o)
                0x0800172c                _svfiprintf_r
                0x0800172c                _svfprintf_r
 .text._printf_common
                0x08001914       0xec e:/iti/tourky/tools/arm_gcc/bin/../lib/gcc/arm-none-eabi/5.4.1/../../../../arm-none-eabi/lib/armv7e-m\libg_nano.a(lib_a-nano-vfprintf_i.o)
                0x08001914                _printf_common
 .text._printf_i
                0x08001a00      0x24c e:/iti/tourky/tools/arm_gcc/bin/../lib/gcc/arm-none-eabi/5.4.1/../../../../arm-none-eabi/lib/armv7e-m\libg_nano.a(lib_a-nano-vfprintf_i.o)
                0x08001a00                _printf_i
 *fill*         0x08001c4c        0x4 
 .text          0x08001c50       0xa0 e:/iti/tourky/tools/arm_gcc/bin/../lib/gcc/arm-none-eabi/5.4.1/../../../../arm-none-eabi/lib/armv7e-m\libg_nano.a(lib_a-memchr.o)
                0x08001c50                memchr
 .text.memcpy   0x08001cf0       0x16 e:/iti/tourky/tools/arm_gcc/bin/../lib/gcc/arm-none-eabi/5.4.1/../../../../arm-none-eabi/lib/armv7e-m\libg_nano.a(lib_a-memcpy-stub.o)
                0x08001cf0                memcpy
 .text.memmove  0x08001d06       0x36 e:/iti/tourky/tools/arm_gcc/bin/../lib/gcc/arm-none-eabi/5.4.1/../../../../arm-none-eabi/lib/armv7e-m\libg_nano.a(lib_a-memmove.o)
                0x08001d06                memmove
 .text._free_r  0x08001d3c       0x9c e:/iti/tourky/tools/arm_gcc/bin/../lib/gcc/arm-none-eabi/5.4.1/../../../../arm-none-eabi/lib/armv7e-m\libg_nano.a(lib_a-nano-freer.o)
                0x08001d3c                _free_r
 .text._malloc_r
                0x08001dd8       0xbc e:/iti/tourky/tools/arm_gcc/bin/../lib/gcc/arm-none-eabi/5.4.1/../../../../arm-none-eabi/lib/armv7e-m\libg_nano.a(lib_a-nano-mallocr.o)
                0x08001dd8                _malloc_r
 .text._realloc_r
                0x08001e94       0x4c e:/iti/tourky/tools/arm_gcc/bin/../lib/gcc/arm-none-eabi/5.4.1/../../../../arm-none-eabi/lib/armv7e-m\libg_nano.a(lib_a-nano-reallocr.o)
                0x08001e94                _realloc_r
 .text._sbrk_r  0x08001ee0       0x20 e:/iti/tourky/tools/arm_gcc/bin/../lib/gcc/arm-none-eabi/5.4.1/../../../../arm-none-eabi/lib/armv7e-m\libg_nano.a(lib_a-sbrkr.o)
                0x08001ee0                _sbrk_r
 .text.__malloc_lock
                0x08001f00        0x2 e:/iti/tourky/tools/arm_gcc/bin/../lib/gcc/arm-none-eabi/5.4.1/../../../../arm-none-eabi/lib/armv7e-m\libg_nano.a(lib_a-mlock.o)
                0x08001f00                __malloc_lock
 .text.__malloc_unlock
                0x08001f02        0x2 e:/iti/tourky/tools/arm_gcc/bin/../lib/gcc/arm-none-eabi/5.4.1/../../../../arm-none-eabi/lib/armv7e-m\libg_nano.a(lib_a-mlock.o)
                0x08001f02                __malloc_unlock
 .text._malloc_usable_size_r
                0x08001f04       0x14 e:/iti/tourky/tools/arm_gcc/bin/../lib/gcc/arm-none-eabi/5.4.1/../../../../arm-none-eabi/lib/armv7e-m\libg_nano.a(lib_a-nano-msizer.o)
                0x08001f04                _malloc_usable_size_r
 *(.rodata .rodata.* .constdata .constdata.*)
 .rodata.str1.4
                0x08001f18      0x148 ./system/src/cortexm/exception_handlers.o
                                0x146 (size before relaxing)
 .rodata.AHBPrescTable
                0x08002060       0x10 ./system/src/cmsis/system_stm32f4xx.o
                0x08002060                AHBPrescTable
 .rodata.GPIO   0x08002070       0x18 ./src/GPIO.o
                0x08002070                GPIO
 .rodata.LED_CFG
                0x08002088        0x4 ./src/LED_Cfg.o
                0x08002088                LED_CFG
 .rodata.UART   0x0800208c        0xc ./src/UART.o
                0x0800208c                UART
 .rodata.str1.1
                0x08002098       0x11 e:/iti/tourky/tools/arm_gcc/bin/../lib/gcc/arm-none-eabi/5.4.1/../../../../arm-none-eabi/lib/armv7e-m\libg_nano.a(lib_a-nano-svfprintf.o)
 .rodata.str1.1
                0x080020a9       0x22 e:/iti/tourky/tools/arm_gcc/bin/../lib/gcc/arm-none-eabi/5.4.1/../../../../arm-none-eabi/lib/armv7e-m\libg_nano.a(lib_a-nano-vfprintf_i.o)
 *(vtable)
 *(.eh_frame*)
 *(.glue_7)
 .glue_7        0x080020cb        0x0 linker stubs
 *(.glue_7t)
 .glue_7t       0x080020cb        0x0 linker stubs

.vfp11_veneer   0x080020cc        0x0
 .vfp11_veneer  0x080020cc        0x0 linker stubs

.v4_bx          0x080020cc        0x0
 .v4_bx         0x080020cc        0x0 linker stubs

.iplt           0x080020cc        0x0
 .iplt          0x080020cc        0x0 ./system/src/newlib/_cxx.o

.rel.dyn        0x080020cc        0x0
 .rel.iplt      0x080020cc        0x0 ./system/src/newlib/_cxx.o

.ARM.extab
 *(.ARM.extab* .gnu.linkonce.armextab.*)
                0x080020cc                . = ALIGN (0x4)
                0x080020cc                __exidx_start = .

.ARM.exidx
 *(.ARM.exidx* .gnu.linkonce.armexidx.*)
                0x080020cc                __exidx_end = .
                0x080020cc                . = ALIGN (0x4)
                0x080020cc                _etext = .
                0x080020cc                __etext = .

.data_CCMRAM    0x10000000        0x0 load address 0x080020cc
 FILL mask 0xff
 *(.data.CCMRAM .data.CCMRAM.*)
                0x10000000                . = ALIGN (0x4)
                0x080020cc                _sidata = LOADADDR (.data)

.data           0x20000000       0x84 load address 0x080020cc
 FILL mask 0xff
                0x20000000                _sdata = .
                0x20000000                __data_start__ = .
 *(.data_begin .data_begin.*)
 .data_begin    0x20000000        0x4 ./system/src/newlib/_startup.o
 *(.data .data.*)
 .data.argv.4290
                0x20000004        0x8 ./system/src/newlib/_syscalls.o
 .data.SystemCoreClock
                0x2000000c        0x4 ./system/src/cmsis/system_stm32f4xx.o
                0x2000000c                SystemCoreClock
 .data.State_Toggle.3849
                0x20000010        0x4 ./src/LED.o
 .data.UART_TxState
                0x20000014        0x3 ./src/UART.o
 *fill*         0x20000017        0x1 ff
 .data.UART_RxState
                0x20000018        0x3 ./src/UART.o
 *fill*         0x2000001b        0x1 ff
 .data.impure_data
                0x2000001c       0x60 e:/iti/tourky/tools/arm_gcc/bin/../lib/gcc/arm-none-eabi/5.4.1/../../../../arm-none-eabi/lib/armv7e-m\libg_nano.a(lib_a-impure.o)
 .data._impure_ptr
                0x2000007c        0x4 e:/iti/tourky/tools/arm_gcc/bin/../lib/gcc/arm-none-eabi/5.4.1/../../../../arm-none-eabi/lib/armv7e-m\libg_nano.a(lib_a-impure.o)
                0x2000007c                _impure_ptr
 *(.data_end .data_end.*)
 .data_end      0x20000080        0x4 ./system/src/newlib/_startup.o
                0x20000084                . = ALIGN (0x4)
                0x20000084                _edata = .
                0x20000084                __data_end__ = .

.igot.plt       0x20000084        0x0 load address 0x08002150
 .igot.plt      0x20000084        0x0 ./system/src/newlib/_cxx.o

.bss_CCMRAM     0x10000000        0x0
 *(.bss.CCMRAM .bss.CCMRAM.*)

.bss            0x20000084      0x100
                0x20000084                __bss_start__ = .
                0x20000084                _sbss = .
 *(.bss_begin .bss_begin.*)
 .bss_begin     0x20000084        0x4 ./system/src/newlib/_startup.o
 *(.bss .bss.*)
 .bss.current_heap_end.3974
                0x20000088        0x4 ./system/src/newlib/_sbrk.o
 .bss.name.4289
                0x2000008c        0x1 ./system/src/newlib/_syscalls.o
 *fill*         0x2000008d        0x3 
 .bss.buf.5179  0x20000090       0x80 ./system/src/diag/Trace.o
 .bss.STK_NotifyFunc
                0x20000110        0x4 ./src/Systick.o
 .bss.UART_TxBufferIdx
                0x20000114        0xc ./src/UART.o
 .bss.UART_TxBufferSize
                0x20000120        0xc ./src/UART.o
 .bss.UART_RxBufferIdx
                0x2000012c        0xc ./src/UART.o
 .bss.UART_RxCBF
                0x20000138        0xc ./src/UART.o
 .bss.UART_RxBufferSize
                0x20000144        0xc ./src/UART.o
 .bss.UART_RxBuffer
                0x20000150        0xc ./src/UART.o
 .bss.UART_TxBuffer
                0x2000015c        0xc ./src/UART.o
 .bss.UART_TxCBF
                0x20000168        0xc ./src/UART.o
 .bss.__malloc_sbrk_start
                0x20000174        0x4 e:/iti/tourky/tools/arm_gcc/bin/../lib/gcc/arm-none-eabi/5.4.1/../../../../arm-none-eabi/lib/armv7e-m\libg_nano.a(lib_a-nano-mallocr.o)
                0x20000174                __malloc_sbrk_start
 .bss.__malloc_free_list
                0x20000178        0x4 e:/iti/tourky/tools/arm_gcc/bin/../lib/gcc/arm-none-eabi/5.4.1/../../../../arm-none-eabi/lib/armv7e-m\libg_nano.a(lib_a-nano-mallocr.o)
                0x20000178                __malloc_free_list
 *(COMMON)
 COMMON         0x2000017c        0x4 ./system/src/newlib/_syscalls.o
                0x2000017c                errno
 *(.bss_end .bss_end.*)
 .bss_end       0x20000180        0x4 ./system/src/newlib/_startup.o
                0x20000184                . = ALIGN (0x4)
                0x20000184                __bss_end__ = .
                0x20000184                _ebss = .

.noinit_CCMRAM
 *(.noinit.CCMRAM .noinit.CCMRAM.*)

.noinit         0x20000184        0x0
                0x20000184                _noinit = .
 *(.noinit .noinit.*)
                0x20000184                . = ALIGN (0x4)
                0x20000184                _end_noinit = .
                [!provide]                PROVIDE (end, _end_noinit)
                [!provide]                PROVIDE (_end, _end_noinit)
                [!provide]                PROVIDE (__end, _end_noinit)
                [!provide]                PROVIDE (__end__, _end_noinit)

._check_stack   0x20000184      0x100
                0x20000284                . = (. + _Minimum_Stack_Size)
 *fill*         0x20000184      0x100 

.b1text
 *(.b1text)
 *(.b1rodata)
 *(.b1rodata.*)

.eb0text
 *(.eb0text)
 *(.eb0rodata)
 *(.eb0rodata.*)

.eb1text
 *(.eb1text)
 *(.eb1rodata)
 *(.eb1rodata.*)

.eb2text
 *(.eb2text)
 *(.eb2rodata)
 *(.eb2rodata.*)

.eb3text
 *(.eb3text)
 *(.eb3rodata)
 *(.eb3rodata.*)

.stab
 *(.stab)

.stabstr
 *(.stabstr)

.stab.excl
 *(.stab.excl)

.stab.exclstr
 *(.stab.exclstr)

.stab.index
 *(.stab.index)

.stab.indexstr
 *(.stab.indexstr)

.comment        0x00000000       0x6e
 *(.comment)
 .comment       0x00000000       0x6e ./system/src/newlib/_exit.o
                                 0x6f (size before relaxing)
 .comment       0x0000006e       0x6f ./system/src/newlib/_sbrk.o
 .comment       0x0000006e       0x6f ./system/src/newlib/_startup.o
 .comment       0x0000006e       0x6f ./system/src/newlib/_syscalls.o
 .comment       0x0000006e       0x6f ./system/src/diag/Trace.o
 .comment       0x0000006e       0x6f ./system/src/diag/trace_impl.o
 .comment       0x0000006e       0x6f ./system/src/cortexm/_initialize_hardware.o
 .comment       0x0000006e       0x6f ./system/src/cortexm/exception_handlers.o
 .comment       0x0000006e       0x6f ./system/src/cmsis/system_stm32f4xx.o
 .comment       0x0000006e       0x6f ./system/src/cmsis/vectors_stm32f401xc.o
 .comment       0x0000006e       0x6f ./src/GPIO.o
 .comment       0x0000006e       0x6f ./src/Init.o
 .comment       0x0000006e       0x6f ./src/LED.o
 .comment       0x0000006e       0x6f ./src/LED_Cfg.o
 .comment       0x0000006e       0x6f ./src/NVIC.o
 .comment       0x0000006e       0x6f ./src/RCC2.o
 .comment       0x0000006e       0x6f ./src/Systick.o
 .comment       0x0000006e       0x6f ./src/UART.o
 .comment       0x0000006e       0x6f ./src/main.o

.ARM.attributes
                0x00000000       0x31
 .ARM.attributes
                0x00000000       0x33 ./system/src/newlib/_exit.o
 .ARM.attributes
                0x00000033       0x33 ./system/src/newlib/_sbrk.o
 .ARM.attributes
                0x00000066       0x33 ./system/src/newlib/_startup.o
 .ARM.attributes
                0x00000099       0x33 ./system/src/newlib/_syscalls.o
 .ARM.attributes
                0x000000cc       0x33 ./system/src/diag/Trace.o
 .ARM.attributes
                0x000000ff       0x33 ./system/src/diag/trace_impl.o
 .ARM.attributes
                0x00000132       0x33 ./system/src/cortexm/_initialize_hardware.o
 .ARM.attributes
                0x00000165       0x33 ./system/src/cortexm/exception_handlers.o
 .ARM.attributes
                0x00000198       0x33 ./system/src/cmsis/system_stm32f4xx.o
 .ARM.attributes
                0x000001cb       0x33 ./system/src/cmsis/vectors_stm32f401xc.o
 .ARM.attributes
                0x000001fe       0x33 ./src/GPIO.o
 .ARM.attributes
                0x00000231       0x33 ./src/Init.o
 .ARM.attributes
                0x00000264       0x33 ./src/LED.o
 .ARM.attributes
                0x00000297       0x33 ./src/LED_Cfg.o
 .ARM.attributes
                0x000002ca       0x33 ./src/NVIC.o
 .ARM.attributes
                0x000002fd       0x33 ./src/RCC2.o
 .ARM.attributes
                0x00000330       0x33 ./src/Systick.o
 .ARM.attributes
                0x00000363       0x33 ./src/UART.o
 .ARM.attributes
                0x00000396       0x33 ./src/main.o
 .ARM.attributes
                0x000003c9       0x1e e:/iti/tourky/tools/arm_gcc/bin/../lib/gcc/arm-none-eabi/5.4.1/armv7e-m\libgcc.a(_arm_addsubsf3.o)
 .ARM.attributes
                0x000003e7       0x1e e:/iti/tourky/tools/arm_gcc/bin/../lib/gcc/arm-none-eabi/5.4.1/armv7e-m\libgcc.a(_arm_muldivsf3.o)
 .ARM.attributes
                0x00000405       0x1e e:/iti/tourky/tools/arm_gcc/bin/../lib/gcc/arm-none-eabi/5.4.1/armv7e-m\libgcc.a(_arm_fixunssfsi.o)
 .ARM.attributes
                0x00000423       0x2e e:/iti/tourky/tools/arm_gcc/bin/../lib/gcc/arm-none-eabi/5.4.1/../../../../arm-none-eabi/lib/armv7e-m\libg_nano.a(lib_a-errno.o)
 .ARM.attributes
                0x00000451       0x2e e:/iti/tourky/tools/arm_gcc/bin/../lib/gcc/arm-none-eabi/5.4.1/../../../../arm-none-eabi/lib/armv7e-m\libg_nano.a(lib_a-impure.o)
 .ARM.attributes
                0x0000047f       0x2e e:/iti/tourky/tools/arm_gcc/bin/../lib/gcc/arm-none-eabi/5.4.1/../../../../arm-none-eabi/lib/armv7e-m\libg_nano.a(lib_a-vsnprintf.o)
 .ARM.attributes
                0x000004ad       0x2e e:/iti/tourky/tools/arm_gcc/bin/../lib/gcc/arm-none-eabi/5.4.1/../../../../arm-none-eabi/lib/armv7e-m\libg_nano.a(lib_a-nano-svfprintf.o)
 .ARM.attributes
                0x000004db       0x2e e:/iti/tourky/tools/arm_gcc/bin/../lib/gcc/arm-none-eabi/5.4.1/../../../../arm-none-eabi/lib/armv7e-m\libg_nano.a(lib_a-nano-vfprintf_i.o)
 .ARM.attributes
                0x00000509       0x1c e:/iti/tourky/tools/arm_gcc/bin/../lib/gcc/arm-none-eabi/5.4.1/../../../../arm-none-eabi/lib/armv7e-m\libg_nano.a(lib_a-memchr.o)
 .ARM.attributes
                0x00000525       0x2e e:/iti/tourky/tools/arm_gcc/bin/../lib/gcc/arm-none-eabi/5.4.1/../../../../arm-none-eabi/lib/armv7e-m\libg_nano.a(lib_a-memcpy-stub.o)
 .ARM.attributes
                0x00000553       0x2e e:/iti/tourky/tools/arm_gcc/bin/../lib/gcc/arm-none-eabi/5.4.1/../../../../arm-none-eabi/lib/armv7e-m\libg_nano.a(lib_a-memmove.o)
 .ARM.attributes
                0x00000581       0x2e e:/iti/tourky/tools/arm_gcc/bin/../lib/gcc/arm-none-eabi/5.4.1/../../../../arm-none-eabi/lib/armv7e-m\libg_nano.a(lib_a-nano-freer.o)
 .ARM.attributes
                0x000005af       0x2e e:/iti/tourky/tools/arm_gcc/bin/../lib/gcc/arm-none-eabi/5.4.1/../../../../arm-none-eabi/lib/armv7e-m\libg_nano.a(lib_a-nano-mallocr.o)
 .ARM.attributes
                0x000005dd       0x2e e:/iti/tourky/tools/arm_gcc/bin/../lib/gcc/arm-none-eabi/5.4.1/../../../../arm-none-eabi/lib/armv7e-m\libg_nano.a(lib_a-nano-reallocr.o)
 .ARM.attributes
                0x0000060b       0x2e e:/iti/tourky/tools/arm_gcc/bin/../lib/gcc/arm-none-eabi/5.4.1/../../../../arm-none-eabi/lib/armv7e-m\libg_nano.a(lib_a-sbrkr.o)
 .ARM.attributes
                0x00000639       0x2e e:/iti/tourky/tools/arm_gcc/bin/../lib/gcc/arm-none-eabi/5.4.1/../../../../arm-none-eabi/lib/armv7e-m\libg_nano.a(lib_a-mlock.o)
 .ARM.attributes
                0x00000667       0x2e e:/iti/tourky/tools/arm_gcc/bin/../lib/gcc/arm-none-eabi/5.4.1/../../../../arm-none-eabi/lib/armv7e-m\libg_nano.a(lib_a-nano-msizer.o)

.debug
 *(.debug)

.line
 *(.line)

.debug_srcinfo
 *(.debug_srcinfo)

.debug_sfnames
 *(.debug_sfnames)

.debug_aranges  0x00000000      0x4f8
 *(.debug_aranges)
 .debug_aranges
                0x00000000       0x28 ./system/src/newlib/_exit.o
 .debug_aranges
                0x00000028       0x20 ./system/src/newlib/_sbrk.o
 .debug_aranges
                0x00000048       0x40 ./system/src/newlib/_startup.o
 .debug_aranges
                0x00000088       0x30 ./system/src/newlib/_syscalls.o
 .debug_aranges
                0x000000b8       0x38 ./system/src/diag/Trace.o
 .debug_aranges
                0x000000f0       0x30 ./system/src/diag/trace_impl.o
 .debug_aranges
                0x00000120       0x28 ./system/src/cortexm/_initialize_hardware.o
 .debug_aranges
                0x00000148       0x90 ./system/src/cortexm/exception_handlers.o
 .debug_aranges
                0x000001d8       0x28 ./system/src/cmsis/system_stm32f4xx.o
 .debug_aranges
                0x00000200       0x20 ./system/src/cmsis/vectors_stm32f401xc.o
 .debug_aranges
                0x00000220       0x90 ./src/GPIO.o
 .debug_aranges
                0x000002b0       0x20 ./src/Init.o
 .debug_aranges
                0x000002d0       0x28 ./src/LED.o
 .debug_aranges
                0x000002f8       0x18 ./src/LED_Cfg.o
 .debug_aranges
                0x00000310       0x50 ./src/NVIC.o
 .debug_aranges
                0x00000360       0xa8 ./src/RCC2.o
 .debug_aranges
                0x00000408       0x60 ./src/Systick.o
 .debug_aranges
                0x00000468       0x58 ./src/UART.o
 .debug_aranges
                0x000004c0       0x38 ./src/main.o

.debug_pubnames
 *(.debug_pubnames)

.debug_info     0x00000000     0x516a
 *(.debug_info .gnu.linkonce.wi.*)
 .debug_info    0x00000000       0xef ./system/src/newlib/_exit.o
 .debug_info    0x000000ef      0x11f ./system/src/newlib/_sbrk.o
 .debug_info    0x0000020e      0x4f2 ./system/src/newlib/_startup.o
 .debug_info    0x00000700      0x1c7 ./system/src/newlib/_syscalls.o
 .debug_info    0x000008c7      0x2e7 ./system/src/diag/Trace.o
 .debug_info    0x00000bae      0x30b ./system/src/diag/trace_impl.o
 .debug_info    0x00000eb9      0x2bf ./system/src/cortexm/_initialize_hardware.o
 .debug_info    0x00001178      0x8f4 ./system/src/cortexm/exception_handlers.o
 .debug_info    0x00001a6c      0x4e3 ./system/src/cmsis/system_stm32f4xx.o
 .debug_info    0x00001f4f       0xd1 ./system/src/cmsis/vectors_stm32f401xc.o
 .debug_info    0x00002020      0x9f3 ./src/GPIO.o
 .debug_info    0x00002a13      0x616 ./src/Init.o
 .debug_info    0x00003029      0x3e6 ./src/LED.o
 .debug_info    0x0000340f      0x1f1 ./src/LED_Cfg.o
 .debug_info    0x00003600      0x5c1 ./src/NVIC.o
 .debug_info    0x00003bc1      0x9e4 ./src/RCC2.o
 .debug_info    0x000045a5      0x268 ./src/Systick.o
 .debug_info    0x0000480d      0x6e8 ./src/UART.o
 .debug_info    0x00004ef5      0x275 ./src/main.o

.debug_abbrev   0x00000000     0x1682
 *(.debug_abbrev)
 .debug_abbrev  0x00000000       0x8e ./system/src/newlib/_exit.o
 .debug_abbrev  0x0000008e       0xb9 ./system/src/newlib/_sbrk.o
 .debug_abbrev  0x00000147      0x1b6 ./system/src/newlib/_startup.o
 .debug_abbrev  0x000002fd       0xec ./system/src/newlib/_syscalls.o
 .debug_abbrev  0x000003e9      0x156 ./system/src/diag/Trace.o
 .debug_abbrev  0x0000053f      0x1c8 ./system/src/diag/trace_impl.o
 .debug_abbrev  0x00000707       0xea ./system/src/cortexm/_initialize_hardware.o
 .debug_abbrev  0x000007f1      0x247 ./system/src/cortexm/exception_handlers.o
 .debug_abbrev  0x00000a38      0x104 ./system/src/cmsis/system_stm32f4xx.o
 .debug_abbrev  0x00000b3c       0x9d ./system/src/cmsis/vectors_stm32f401xc.o
 .debug_abbrev  0x00000bd9      0x1bc ./src/GPIO.o
 .debug_abbrev  0x00000d95      0x108 ./src/Init.o
 .debug_abbrev  0x00000e9d      0x130 ./src/LED.o
 .debug_abbrev  0x00000fcd       0x98 ./src/LED_Cfg.o
 .debug_abbrev  0x00001065      0x123 ./src/NVIC.o
 .debug_abbrev  0x00001188      0x16a ./src/RCC2.o
 .debug_abbrev  0x000012f2      0x145 ./src/Systick.o
 .debug_abbrev  0x00001437      0x161 ./src/UART.o
 .debug_abbrev  0x00001598       0xea ./src/main.o

.debug_line     0x00000000     0x440c
 *(.debug_line)
 .debug_line    0x00000000      0x2c9 ./system/src/newlib/_exit.o
 .debug_line    0x000002c9      0x27a ./system/src/newlib/_sbrk.o
 .debug_line    0x00000543      0x342 ./system/src/newlib/_startup.o
 .debug_line    0x00000885      0x378 ./system/src/newlib/_syscalls.o
 .debug_line    0x00000bfd      0x337 ./system/src/diag/Trace.o
 .debug_line    0x00000f34      0xa36 ./system/src/diag/trace_impl.o
 .debug_line    0x0000196a      0x99e ./system/src/cortexm/_initialize_hardware.o
 .debug_line    0x00002308      0xad4 ./system/src/cortexm/exception_handlers.o
 .debug_line    0x00002ddc      0x99e ./system/src/cmsis/system_stm32f4xx.o
 .debug_line    0x0000377a       0xe8 ./system/src/cmsis/vectors_stm32f401xc.o
 .debug_line    0x00003862      0x247 ./src/GPIO.o
 .debug_line    0x00003aa9       0xc2 ./src/Init.o
 .debug_line    0x00003b6b       0xc4 ./src/LED.o
 .debug_line    0x00003c2f       0x6e ./src/LED_Cfg.o
 .debug_line    0x00003c9d      0x128 ./src/NVIC.o
 .debug_line    0x00003dc5      0x2a6 ./src/RCC2.o
 .debug_line    0x0000406b      0x137 ./src/Systick.o
 .debug_line    0x000041a2      0x168 ./src/UART.o
 .debug_line    0x0000430a      0x102 ./src/main.o

.debug_frame    0x00000000      0xc7c
 *(.debug_frame)
 .debug_frame   0x00000000       0x38 ./system/src/newlib/_exit.o
 .debug_frame   0x00000038       0x28 ./system/src/newlib/_sbrk.o
 .debug_frame   0x00000060       0x7c ./system/src/newlib/_startup.o
 .debug_frame   0x000000dc       0x50 ./system/src/newlib/_syscalls.o
 .debug_frame   0x0000012c       0x94 ./system/src/diag/Trace.o
 .debug_frame   0x000001c0       0x60 ./system/src/diag/trace_impl.o
 .debug_frame   0x00000220       0x40 ./system/src/cortexm/_initialize_hardware.o
 .debug_frame   0x00000260      0x158 ./system/src/cortexm/exception_handlers.o
 .debug_frame   0x000003b8       0x30 ./system/src/cmsis/system_stm32f4xx.o
 .debug_frame   0x000003e8       0x20 ./system/src/cmsis/vectors_stm32f401xc.o
 .debug_frame   0x00000408      0x12c ./src/GPIO.o
 .debug_frame   0x00000534       0x38 ./src/Init.o
 .debug_frame   0x0000056c       0x48 ./src/LED.o
 .debug_frame   0x000005b4       0x80 ./src/NVIC.o
 .debug_frame   0x00000634      0x17c ./src/RCC2.o
 .debug_frame   0x000007b0       0xa8 ./src/Systick.o
 .debug_frame   0x00000858       0xf0 ./src/UART.o
 .debug_frame   0x00000948       0x70 ./src/main.o
 .debug_frame   0x000009b8       0x20 e:/iti/tourky/tools/arm_gcc/bin/../lib/gcc/arm-none-eabi/5.4.1/../../../../arm-none-eabi/lib/armv7e-m\libg_nano.a(lib_a-errno.o)
 .debug_frame   0x000009d8       0x48 e:/iti/tourky/tools/arm_gcc/bin/../lib/gcc/arm-none-eabi/5.4.1/../../../../arm-none-eabi/lib/armv7e-m\libg_nano.a(lib_a-vsnprintf.o)
 .debug_frame   0x00000a20       0x90 e:/iti/tourky/tools/arm_gcc/bin/../lib/gcc/arm-none-eabi/5.4.1/../../../../arm-none-eabi/lib/armv7e-m\libg_nano.a(lib_a-nano-svfprintf.o)
 .debug_frame   0x00000ab0       0x60 e:/iti/tourky/tools/arm_gcc/bin/../lib/gcc/arm-none-eabi/5.4.1/../../../../arm-none-eabi/lib/armv7e-m\libg_nano.a(lib_a-nano-vfprintf_i.o)
 .debug_frame   0x00000b10       0x28 e:/iti/tourky/tools/arm_gcc/bin/../lib/gcc/arm-none-eabi/5.4.1/../../../../arm-none-eabi/lib/armv7e-m\libg_nano.a(lib_a-memcpy-stub.o)
 .debug_frame   0x00000b38       0x28 e:/iti/tourky/tools/arm_gcc/bin/../lib/gcc/arm-none-eabi/5.4.1/../../../../arm-none-eabi/lib/armv7e-m\libg_nano.a(lib_a-memmove.o)
 .debug_frame   0x00000b60       0x38 e:/iti/tourky/tools/arm_gcc/bin/../lib/gcc/arm-none-eabi/5.4.1/../../../../arm-none-eabi/lib/armv7e-m\libg_nano.a(lib_a-nano-freer.o)
 .debug_frame   0x00000b98       0x2c e:/iti/tourky/tools/arm_gcc/bin/../lib/gcc/arm-none-eabi/5.4.1/../../../../arm-none-eabi/lib/armv7e-m\libg_nano.a(lib_a-nano-mallocr.o)
 .debug_frame   0x00000bc4       0x3c e:/iti/tourky/tools/arm_gcc/bin/../lib/gcc/arm-none-eabi/5.4.1/../../../../arm-none-eabi/lib/armv7e-m\libg_nano.a(lib_a-nano-reallocr.o)
 .debug_frame   0x00000c00       0x2c e:/iti/tourky/tools/arm_gcc/bin/../lib/gcc/arm-none-eabi/5.4.1/../../../../arm-none-eabi/lib/armv7e-m\libg_nano.a(lib_a-sbrkr.o)
 .debug_frame   0x00000c2c       0x30 e:/iti/tourky/tools/arm_gcc/bin/../lib/gcc/arm-none-eabi/5.4.1/../../../../arm-none-eabi/lib/armv7e-m\libg_nano.a(lib_a-mlock.o)
 .debug_frame   0x00000c5c       0x20 e:/iti/tourky/tools/arm_gcc/bin/../lib/gcc/arm-none-eabi/5.4.1/../../../../arm-none-eabi/lib/armv7e-m\libg_nano.a(lib_a-nano-msizer.o)

.debug_str      0x00000000    0x73b6f
 *(.debug_str)
 .debug_str     0x00000000     0x6d5b ./system/src/newlib/_exit.o
                               0x6ecd (size before relaxing)
 .debug_str     0x00006d5b      0x4de ./system/src/newlib/_sbrk.o
                               0x62b8 (size before relaxing)
 .debug_str     0x00007239      0xc29 ./system/src/newlib/_startup.o
                               0x5ed3 (size before relaxing)
 .debug_str     0x00007e62      0xe18 ./system/src/newlib/_syscalls.o
                               0x7118 (size before relaxing)
 .debug_str     0x00008c7a      0x890 ./system/src/diag/Trace.o
                               0x76bd (size before relaxing)
 .debug_str     0x0000950a    0x67a24 ./system/src/diag/trace_impl.o
                              0x6f9d3 (size before relaxing)
 .debug_str     0x00070f2e       0xc4 ./system/src/cortexm/_initialize_hardware.o
                              0x6e7b4 (size before relaxing)
 .debug_str     0x00070ff2      0x1a6 ./system/src/cortexm/exception_handlers.o
                              0x6fb5d (size before relaxing)
 .debug_str     0x00071198      0x174 ./system/src/cmsis/system_stm32f4xx.o
                              0x6e8a5 (size before relaxing)
 .debug_str     0x0007130c       0x59 ./system/src/cmsis/vectors_stm32f401xc.o
                               0x308a (size before relaxing)
 .debug_str     0x00071365      0xb62 ./src/GPIO.o
                               0x311e (size before relaxing)
 .debug_str     0x00071ec7      0x83a ./src/Init.o
                               0x3626 (size before relaxing)
 .debug_str     0x00072701      0x13c ./src/LED.o
                               0x2ea4 (size before relaxing)
 .debug_str     0x0007283d       0x11 ./src/LED_Cfg.o
                               0x2bab (size before relaxing)
 .debug_str     0x0007284e      0x6a5 ./src/NVIC.o
                               0x30cf (size before relaxing)
 .debug_str     0x00072ef3      0x6e3 ./src/RCC2.o
                               0x3683 (size before relaxing)
 .debug_str     0x000735d6      0x22f ./src/Systick.o
                               0x2bf8 (size before relaxing)
 .debug_str     0x00073805      0x326 ./src/UART.o
                               0x32ec (size before relaxing)
 .debug_str     0x00073b2b       0x44 ./src/main.o
                               0x3020 (size before relaxing)

.debug_loc      0x00000000     0x2787
 *(.debug_loc)
 .debug_loc     0x00000000       0x82 ./system/src/newlib/_sbrk.o
 .debug_loc     0x00000082      0x36e ./system/src/newlib/_startup.o
 .debug_loc     0x000003f0       0x63 ./system/src/newlib/_syscalls.o
 .debug_loc     0x00000453      0x102 ./system/src/diag/Trace.o
 .debug_loc     0x00000555      0x17c ./system/src/diag/trace_impl.o
 .debug_loc     0x000006d1      0x2a8 ./system/src/cortexm/exception_handlers.o
 .debug_loc     0x00000979      0x132 ./system/src/cmsis/system_stm32f4xx.o
 .debug_loc     0x00000aab      0x8be ./src/GPIO.o
 .debug_loc     0x00001369       0xfa ./src/LED.o
 .debug_loc     0x00001463      0x284 ./src/NVIC.o
 .debug_loc     0x000016e7      0xb70 ./src/RCC2.o
 .debug_loc     0x00002257      0x140 ./src/Systick.o
 .debug_loc     0x00002397      0x3f0 ./src/UART.o

.debug_macinfo
 *(.debug_macinfo)

.debug_weaknames
 *(.debug_weaknames)

.debug_funcnames
 *(.debug_funcnames)

.debug_typenames
 *(.debug_typenames)

.debug_varnames
 *(.debug_varnames)
OUTPUT(UART.elf elf32-littlearm)

.debug_ranges   0x00000000      0x3f0
 .debug_ranges  0x00000000       0x18 ./system/src/newlib/_exit.o
 .debug_ranges  0x00000018       0x10 ./system/src/newlib/_sbrk.o
 .debug_ranges  0x00000028       0x30 ./system/src/newlib/_startup.o
 .debug_ranges  0x00000058       0x20 ./system/src/newlib/_syscalls.o
 .debug_ranges  0x00000078       0x28 ./system/src/diag/Trace.o
 .debug_ranges  0x000000a0       0x38 ./system/src/diag/trace_impl.o
 .debug_ranges  0x000000d8       0x18 ./system/src/cortexm/_initialize_hardware.o
 .debug_ranges  0x000000f0       0x98 ./system/src/cortexm/exception_handlers.o
 .debug_ranges  0x00000188       0x18 ./system/src/cmsis/system_stm32f4xx.o
 .debug_ranges  0x000001a0       0x10 ./system/src/cmsis/vectors_stm32f401xc.o
 .debug_ranges  0x000001b0       0x80 ./src/GPIO.o
 .debug_ranges  0x00000230       0x10 ./src/Init.o
 .debug_ranges  0x00000240       0x18 ./src/LED.o
 .debug_ranges  0x00000258       0x40 ./src/NVIC.o
 .debug_ranges  0x00000298       0x98 ./src/RCC2.o
 .debug_ranges  0x00000330       0x50 ./src/Systick.o
 .debug_ranges  0x00000380       0x48 ./src/UART.o
 .debug_ranges  0x000003c8       0x28 ./src/main.o

.debug_macro    0x00000000    0x12eb6
 .debug_macro   0x00000000      0x19c ./system/src/newlib/_exit.o
 .debug_macro   0x0000019c      0x898 ./system/src/newlib/_exit.o
 .debug_macro   0x00000a34       0x9c ./system/src/newlib/_exit.o
 .debug_macro   0x00000ad0      0x10e ./system/src/newlib/_exit.o
 .debug_macro   0x00000bde       0x8d ./system/src/newlib/_exit.o
 .debug_macro   0x00000c6b       0x43 ./system/src/newlib/_exit.o
 .debug_macro   0x00000cae      0x30d ./system/src/newlib/_exit.o
 .debug_macro   0x00000fbb       0x35 ./system/src/newlib/_exit.o
 .debug_macro   0x00000ff0      0x151 ./system/src/newlib/_sbrk.o
 .debug_macro   0x00001141      0x174 ./system/src/newlib/_sbrk.o
 .debug_macro   0x000012b5       0x10 ./system/src/newlib/_sbrk.o
 .debug_macro   0x000012c5      0x23b ./system/src/newlib/_sbrk.o
 .debug_macro   0x00001500      0x15b ./system/src/newlib/_startup.o
 .debug_macro   0x0000165b      0x89e ./system/src/newlib/_startup.o
 .debug_macro   0x00001ef9      0x34e ./system/src/newlib/_startup.o
 .debug_macro   0x00002247      0x1ff ./system/src/newlib/_syscalls.o
 .debug_macro   0x00002446       0x1c ./system/src/newlib/_syscalls.o
 .debug_macro   0x00002462       0x10 ./system/src/newlib/_syscalls.o
 .debug_macro   0x00002472       0x10 ./system/src/newlib/_syscalls.o
 .debug_macro   0x00002482       0x10 ./system/src/newlib/_syscalls.o
 .debug_macro   0x00002492       0x35 ./system/src/newlib/_syscalls.o
 .debug_macro   0x000024c7      0x122 ./system/src/newlib/_syscalls.o
 .debug_macro   0x000025e9       0x88 ./system/src/newlib/_syscalls.o
 .debug_macro   0x00002671       0x2b ./system/src/newlib/_syscalls.o
 .debug_macro   0x0000269c      0x118 ./system/src/newlib/_syscalls.o
 .debug_macro   0x000027b4      0x159 ./system/src/newlib/_syscalls.o
 .debug_macro   0x0000290d       0x16 ./system/src/newlib/_syscalls.o
 .debug_macro   0x00002923      0x1d9 ./system/src/diag/Trace.o
 .debug_macro   0x00002afc       0x16 ./system/src/diag/Trace.o
 .debug_macro   0x00002b12       0x97 ./system/src/diag/Trace.o
 .debug_macro   0x00002ba9       0xfd ./system/src/diag/Trace.o
 .debug_macro   0x00002ca6       0x10 ./system/src/diag/Trace.o
 .debug_macro   0x00002cb6       0x16 ./system/src/diag/Trace.o
 .debug_macro   0x00002ccc      0x18b ./system/src/diag/Trace.o
 .debug_macro   0x00002e57       0x4c ./system/src/diag/Trace.o
 .debug_macro   0x00002ea3       0x16 ./system/src/diag/Trace.o
 .debug_macro   0x00002eb9      0x512 ./system/src/diag/trace_impl.o
 .debug_macro   0x000033cb       0x31 ./system/src/diag/trace_impl.o
 .debug_macro   0x000033fc       0x28 ./system/src/diag/trace_impl.o
 .debug_macro   0x00003424       0x35 ./system/src/diag/trace_impl.o
 .debug_macro   0x00003459       0x50 ./system/src/diag/trace_impl.o
 .debug_macro   0x000034a9      0xe66 ./system/src/diag/trace_impl.o
 .debug_macro   0x0000430f     0x5099 ./system/src/diag/trace_impl.o
 .debug_macro   0x000093a8       0x43 ./system/src/diag/trace_impl.o
 .debug_macro   0x000093eb      0x289 ./system/src/diag/trace_impl.o
 .debug_macro   0x00009674     0x347f ./system/src/diag/trace_impl.o
 .debug_macro   0x0000caf3       0x57 ./system/src/diag/trace_impl.o
 .debug_macro   0x0000cb4a      0x424 ./system/src/diag/trace_impl.o
 .debug_macro   0x0000cf6e      0x9e1 ./system/src/diag/trace_impl.o
 .debug_macro   0x0000d94f      0x11e ./system/src/diag/trace_impl.o
 .debug_macro   0x0000da6d       0xf8 ./system/src/diag/trace_impl.o
 .debug_macro   0x0000db65       0x27 ./system/src/diag/trace_impl.o
 .debug_macro   0x0000db8c      0x287 ./system/src/diag/trace_impl.o
 .debug_macro   0x0000de13       0x5f ./system/src/diag/trace_impl.o
 .debug_macro   0x0000de72      0x23a ./system/src/diag/trace_impl.o
 .debug_macro   0x0000e0ac      0x391 ./system/src/diag/trace_impl.o
 .debug_macro   0x0000e43d      0x16f ./system/src/diag/trace_impl.o
 .debug_macro   0x0000e5ac       0xf9 ./system/src/diag/trace_impl.o
 .debug_macro   0x0000e6a5       0x23 ./system/src/diag/trace_impl.o
 .debug_macro   0x0000e6c8      0x13a ./system/src/diag/trace_impl.o
 .debug_macro   0x0000e802      0x23a ./system/src/diag/trace_impl.o
 .debug_macro   0x0000ea3c       0x2e ./system/src/diag/trace_impl.o
 .debug_macro   0x0000ea6a      0x1a7 ./system/src/diag/trace_impl.o
 .debug_macro   0x0000ec11       0x22 ./system/src/diag/trace_impl.o
 .debug_macro   0x0000ec33       0xa5 ./system/src/diag/trace_impl.o
 .debug_macro   0x0000ecd8      0x18b ./system/src/diag/trace_impl.o
 .debug_macro   0x0000ee63       0x24 ./system/src/diag/trace_impl.o
 .debug_macro   0x0000ee87       0x35 ./system/src/diag/trace_impl.o
 .debug_macro   0x0000eebc       0x79 ./system/src/diag/trace_impl.o
 .debug_macro   0x0000ef35      0x11e ./system/src/diag/trace_impl.o
 .debug_macro   0x0000f053       0x85 ./system/src/diag/trace_impl.o
 .debug_macro   0x0000f0d8       0x89 ./system/src/diag/trace_impl.o
 .debug_macro   0x0000f161      0x31a ./system/src/diag/trace_impl.o
 .debug_macro   0x0000f47b      0x409 ./system/src/diag/trace_impl.o
 .debug_macro   0x0000f884       0xe4 ./system/src/diag/trace_impl.o
 .debug_macro   0x0000f968      0x48d ./system/src/diag/trace_impl.o
 .debug_macro   0x0000fdf5      0x22b ./system/src/diag/trace_impl.o
 .debug_macro   0x00010020      0x202 ./system/src/diag/trace_impl.o
 .debug_macro   0x00010222      0x6d9 ./system/src/diag/trace_impl.o
 .debug_macro   0x000108fb       0x5b ./system/src/diag/trace_impl.o
 .debug_macro   0x00010956      0x14d ./system/src/diag/trace_impl.o
 .debug_macro   0x00010aa3      0x287 ./system/src/diag/trace_impl.o
 .debug_macro   0x00010d2a      0x225 ./system/src/diag/trace_impl.o
 .debug_macro   0x00010f4f      0x1b5 ./system/src/diag/trace_impl.o
 .debug_macro   0x00011104      0x2db ./system/src/diag/trace_impl.o
 .debug_macro   0x000113df       0x89 ./system/src/diag/trace_impl.o
 .debug_macro   0x00011468      0x1df ./system/src/diag/trace_impl.o
 .debug_macro   0x00011647      0x115 ./system/src/diag/trace_impl.o
 .debug_macro   0x0001175c       0x6e ./system/src/diag/trace_impl.o
 .debug_macro   0x000117ca      0x11e ./system/src/diag/trace_impl.o
 .debug_macro   0x000118e8       0x22 ./system/src/diag/trace_impl.o
 .debug_macro   0x0001190a      0x4d6 ./system/src/cortexm/_initialize_hardware.o
 .debug_macro   0x00011de0      0x535 ./system/src/cortexm/exception_handlers.o
 .debug_macro   0x00012315       0x3b ./system/src/cortexm/exception_handlers.o
 .debug_macro   0x00012350      0x4d2 ./system/src/cmsis/system_stm32f4xx.o
 .debug_macro   0x00012822       0x34 ./system/src/cmsis/vectors_stm32f401xc.o
 .debug_macro   0x00012856       0x69 ./src/GPIO.o
 .debug_macro   0x000128bf       0x1c ./src/GPIO.o
 .debug_macro   0x000128db       0x82 ./src/GPIO.o
 .debug_macro   0x0001295d       0x64 ./src/Init.o
 .debug_macro   0x000129c1      0x112 ./src/Init.o
 .debug_macro   0x00012ad3       0x28 ./src/Init.o
 .debug_macro   0x00012afb       0x46 ./src/Init.o
 .debug_macro   0x00012b41       0x40 ./src/LED.o
 .debug_macro   0x00012b81       0x1c ./src/LED.o
 .debug_macro   0x00012b9d       0x40 ./src/LED_Cfg.o
 .debug_macro   0x00012bdd       0x54 ./src/NVIC.o
 .debug_macro   0x00012c31       0xbc ./src/RCC2.o
 .debug_macro   0x00012ced       0x6a ./src/Systick.o
 .debug_macro   0x00012d57       0x16 ./src/Systick.o
 .debug_macro   0x00012d6d       0x16 ./src/Systick.o
 .debug_macro   0x00012d83       0xbc ./src/UART.o
 .debug_macro   0x00012e3f       0x77 ./src/main.o
